| 1 | [@timburgan](https://github.com/timburgan) |