move|@timburgan|d8e8|12345|2022-01-01T00:00:00+00:00
