{
  "state": "CLOSED",
  "comment": "@timburgan The game data is corrupt. A new game will be booted in a moment.",
  "reaction": "CONFUSED"
}  